Processing cardputer-adv (platform: espressif32; board: esp32-s3-devkitc-1; framework: arduino; build_flags: -I include, -DARDUINO_USB_MODE=1, -DARDUINO_USB_CDC_ON_BOOT=1, -DBOARD_HAS_PSRAM, -DLV_CONF_INCLUDE_SIMPLE, -DCORE_DEBUG_LEVEL=0, -DRADIOLIB_GODMODE; lib_deps: m5stack/M5Unified@^0.1.16, m5stack/M5GFX@^0.1.16, lvgl/lvgl@^8.3.11, bblanchon/ArduinoJson@^6.21.3, adafruit/Adafruit NeoPixel@^1.12.3, jgromes/RadioLib@^6.4.0; monitor_speed: 115200; upload_speed: 1500000; board_build.filesystem: littlefs)
--------------------------------------------------------------------------------
CONFIGURATION: https://docs.platformio.org/page/boards/espressif32/esp32-s3-devkitc-1.html
PLATFORM: Espressif 32 (6.12.0) > Espressif ESP32-S3-DevKitC-1-N8 (8 MB QD, No PSRAM)
HARDWARE: ESP32S3 240MHz, 320KB RAM, 8MB Flash
DEBUG: Current (esp-builtin) On-board (esp-builtin) External (cmsis-dap, esp-bridge, esp-prog, iot-bus-jtag, jlink, minimodule, olimex-arm-usb-ocd, olimex-arm-usb-ocd-h, olimex-arm-usb-tiny-h, olimex-jtag-tiny, tumpa)
PACKAGES: 
 - framework-arduinoespressif32 @ 3.20017.241212+sha.dcc1105b 
 - tool-esptoolpy @ 2.40900.250804 (4.9.0) 
 - toolchain-riscv32-esp @ 8.4.0+2021r2-patch5 
 - toolchain-xtensa-esp32s3 @ 8.4.0+2021r2-patch5
LDF: Library Dependency Finder -> https://bit.ly/configure-pio-ldf
LDF Modes: Finder ~ chain, Compatibility ~ soft
Found 40 compatible libraries
Scanning dependencies...
Dependency Graph
|-- M5Unified @ 0.1.17 (License: Unknown, Path: C:\Users\jlors\Desktop\Pip-Boy-ADV\.pio\libdeps\cardputer-adv\M5Unified)
|   |-- M5GFX @ 0.1.17 (License: Unknown, Path: C:\Users\jlors\Desktop\Pip-Boy-ADV\.pio\libdeps\cardputer-adv\M5GFX@0.1.17)
|   |   |-- SPI @ 2.0.0 (License: Unknown, Path: C:\Users\jlors\.platformio\packages\framework-arduinoespressif32\libraries\SPI)
|   |   |-- Wire @ 2.0.0 (License: Unknown, Path: C:\Users\jlors\.platformio\packages\framework-arduinoespressif32\libraries\Wire)
|-- M5GFX @ 0.1.17 (License: Unknown, Path: C:\Users\jlors\Desktop\Pip-Boy-ADV\.pio\libdeps\cardputer-adv\M5GFX@0.1.17)
|   |-- SPI @ 2.0.0 (License: Unknown, Path: C:\Users\jlors\.platformio\packages\framework-arduinoespressif32\libraries\SPI)
|   |-- Wire @ 2.0.0 (License: Unknown, Path: C:\Users\jlors\.platformio\packages\framework-arduinoespressif32\libraries\Wire)
|-- lvgl @ 8.4.0 (License: MIT, Path: C:\Users\jlors\Desktop\Pip-Boy-ADV\.pio\libdeps\cardputer-adv\lvgl)
|-- ArduinoJson @ 6.21.5 (License: Unknown, Path: C:\Users\jlors\Desktop\Pip-Boy-ADV\.pio\libdeps\cardputer-adv\ArduinoJson)
|-- Adafruit NeoPixel @ 1.15.2 (License: Unknown, Path: C:\Users\jlors\Desktop\Pip-Boy-ADV\.pio\libdeps\cardputer-adv\Adafruit NeoPixel)
|-- RadioLib @ 6.6.0 (License: MIT, Path: C:\Users\jlors\Desktop\Pip-Boy-ADV\.pio\libdeps\cardputer-adv\RadioLib)
|   |-- SPI @ 2.0.0 (License: Unknown, Path: C:\Users\jlors\.platformio\packages\framework-arduinoespressif32\libraries\SPI)
|-- FS @ 2.0.0 (License: Unknown, Path: C:\Users\jlors\.platformio\packages\framework-arduinoespressif32\libraries\FS)
|-- SD @ 2.0.0 (License: Unknown, Path: C:\Users\jlors\.platformio\packages\framework-arduinoespressif32\libraries\SD)
|   |-- FS @ 2.0.0 (License: Unknown, Path: C:\Users\jlors\.platformio\packages\framework-arduinoespressif32\libraries\FS)
|   |-- SPI @ 2.0.0 (License: Unknown, Path: C:\Users\jlors\.platformio\packages\framework-arduinoespressif32\libraries\SPI)
|-- WiFi @ 2.0.0 (License: Unknown, Path: C:\Users\jlors\.platformio\packages\framework-arduinoespressif32\libraries\WiFi)
|-- HTTPClient @ 2.0.0 (License: Unknown, Path: C:\Users\jlors\.platformio\packages\framework-arduinoespressif32\libraries\HTTPClient)
|   |-- WiFi @ 2.0.0 (License: Unknown, Path: C:\Users\jlors\.platformio\packages\framework-arduinoespressif32\libraries\WiFi)
|   |-- WiFiClientSecure @ 2.0.0 (License: Unknown, Path: C:\Users\jlors\.platformio\packages\framework-arduinoespressif32\libraries\WiFiClientSecure)
|   |   |-- WiFi @ 2.0.0 (License: Unknown, Path: C:\Users\jlors\.platformio\packages\framework-arduinoespressif32\libraries\WiFi)
|-- SPI @ 2.0.0 (License: Unknown, Path: C:\Users\jlors\.platformio\packages\framework-arduinoespressif32\libraries\SPI)
|-- BluetoothSerial @ 2.0.0 (License: Unknown, Path: C:\Users\jlors\.platformio\packages\framework-arduinoespressif32\libraries\BluetoothSerial)
Building in release mode
Using tempfile C:\Users\jlors\Desktop\Pip-Boy-ADV\.pio\build\cardputer-adv\tmp9k2287bk.tmp for command line:
xtensa-esp32s3-elf-g++ -o .pio/build/cardputer-adv/firmware.elf -mlongcalls -Wl,--cref -Wl,--gc-sections -fno-rtti -fno-lto -Wl,--wrap=esp_log_write -Wl,--wrap=esp_log_writev -Wl,--wrap=log_printf -Wl,--wrap=longjmp -Wl,--undefined=uxTopUsedPriority -T memory.ld -T sections.ld -T esp32s3.rom.ld -T esp32s3.rom.api.ld -T esp32s3.rom.libgcc.ld -T esp32s3.rom.newlib.ld -T esp32s3.rom.version.ld -T esp32s3.rom.newlib-time.ld -T esp32s3.peripherals.ld -u _Z5setupv -u _Z4loopv -u esp_app_desc -u pthread_include_pthread_impl -u pthread_include_pthread_cond_var_impl -u pthread_include_pthread_local_storage_impl -u pthread_include_pthread_rwlock_impl -u include_esp_phy_override -u ld_include_highint_hdl -u start_app -u start_app_other_cores -u __ubsan_include -u __assert_func -u vfs_include_syscalls_impl -u app_main -u newlib_include_heap_impl -u newlib_include_syscalls_impl -u newlib_include_pthread_impl -u newlib_include_assert_impl -u __cxa_guard_dummy -Wl,-Map="C:/Users/jlors/Desktop/Pip-Boy-ADV/.pio/build/cardputer-adv/firmware.map" .pio/build/cardputer-adv/src/AudioHelper.cpp.o .pio/build/cardputer-adv/src/BluetoothHelper.cpp.o .pio/build/cardputer-adv/src/ConfigHelper.cpp.o .pio/build/cardputer-adv/src/KeyboardHelper.cpp.o .pio/build/cardputer-adv/src/LEDHelper.cpp.o .pio/build/cardputer-adv/src/LoRaHelper.cpp.o .pio/build/cardputer-adv/src/SensorHelper.cpp.o .pio/build/cardputer-adv/src/SystemStats.cpp.o .pio/build/cardputer-adv/src/TimeHelper.cpp.o .pio/build/cardputer-adv/src/WeatherHelper.cpp.o .pio/build/cardputer-adv/src/WiFiHelper.cpp.o .pio/build/cardputer-adv/src/main.cpp.o .pio/build/cardputer-adv/src/ui_animations.cpp.o .pio/build/cardputer-adv/src/ui_assets.cpp.o .pio/build/cardputer-adv/src/ui_main.cpp.o .pio/build/cardputer-adv/src/ui_radio.cpp.o .pio/build/cardputer-adv/src/ui_settings.cpp.o .pio/build/cardputer-adv/src/ui_shell.cpp.o .pio/build/cardputer-adv/src/ui_statusbar.cpp.o .pio/build/cardputer-adv/src/ui_tabs.cpp.o .pio/build/cardputer-adv/src/ui_theme.cpp.o -L.pio/build/cardputer-adv -LC:/Users/jlors/.platformio/packages/framework-arduinoespressif32/tools/sdk/esp32s3/lib -LC:/Users/jlors/.platformio/packages/framework-arduinoespressif32/tools/sdk/esp32s3/ld -LC:/Users/jlors/.platformio/packages/framework-arduinoespressif32/tools/sdk/esp32s3/qio_qspi -Wl,--start-group .pio/build/cardputer-adv/lib17a/libSPI.a .pio/build/cardputer-adv/lib181/libWire.a .pio/build/cardputer-adv/libc9f/libM5GFX@0.1.17.a .pio/build/cardputer-adv/lib667/libM5Unified.a .pio/build/cardputer-adv/libda1/liblvgl.a ".pio/build/cardputer-adv/libfb1/libAdafruit NeoPixel.a" .pio/build/cardputer-adv/libe21/libRadioLib.a .pio/build/cardputer-adv/lib0e2/libFS.a .pio/build/cardputer-adv/lib098/libSD.a .pio/build/cardputer-adv/lib8b0/libWiFi.a .pio/build/cardputer-adv/libbcd/libWiFiClientSecure.a .pio/build/cardputer-adv/lib831/libHTTPClient.a .pio/build/cardputer-adv/libe71/libBluetoothSerial.a .pio/build/cardputer-adv/libFrameworkArduino.a -lesp_ringbuf -lefuse -lesp_ipc -ldriver -lesp_pm -lmbedtls -lapp_update -lbootloader_support -lspi_flash -lnvs_flash -lpthread -lesp_gdbstub -lespcoredump -lesp_phy -lesp_system -lesp_rom -lhal -lvfs -lesp_eth -ltcpip_adapter -lesp_netif -lesp_event -lwpa_supplicant -lesp_wifi -lconsole -llwip -llog -lheap -lsoc -lesp_hw_support -lxtensa -lesp_common -lesp_timer -lfreertos -lnewlib -lcxx -lapp_trace -lasio -lbt -lcbor -lunity -lcmock -lcoap -lnghttp -lesp-tls -lesp_adc_cal -lesp_hid -ltcp_transport -lesp_http_client -lesp_http_server -lesp_https_ota -lesp_https_server -lesp_lcd -lprotobuf-c -lprotocomm -lmdns -lesp_local_ctrl -lsdmmc -lesp_serial_slave_link -lesp_websocket_client -lexpat -lwear_levelling -lfatfs -lfreemodbus -ljsmn -ljson -llibsodium -lmqtt -lopenssl -lperfmon -lspiffs -lusb -lulp -lwifi_provisioning -lrmaker_common -lesp_diagnostics -lrtc_store -lesp_insights -ljson_parser -ljson_generator -lesp_schedule -lespressif__esp_secure_cert_mgr -lesp_rainmaker -lgpio_button -lqrcode -lws2812_led -lesp32-camera -lesp_littlefs -lespressif__esp-dsp -lfb_gfx -lasio -lcmock -lunity -lcoap -lesp_lcd -lesp_websocket_client -lexpat -lfreemodbus -ljsmn -llibsodium -lperfmon -lusb -lesp_adc_cal -lesp_hid -lfatfs -lwear_levelling -lopenssl -lspiffs -lesp_insights -lcbor -lesp_diagnostics -lrtc_store -lesp_rainmaker -lesp_local_ctrl -lesp_https_server -lwifi_provisioning -lprotocomm -lbt -lbtdm_app -lprotobuf-c -lmdns -ljson -ljson_parser -ljson_generator -lesp_schedule -lespressif__esp_secure_cert_mgr -lqrcode -lrmaker_common -lmqtt -larduino_tinyusb -lcat_face_detect -lhuman_face_detect -lcolor_detect -lmfn -ldl -lesp_ringbuf -lefuse -lesp_ipc -ldriver -lesp_pm -lmbedtls -lapp_update -lbootloader_support -lspi_flash -lnvs_flash -lpthread -lesp_gdbstub -lespcoredump -lesp_phy -lesp_system -lesp_rom -lhal -lvfs -lesp_eth -ltcpip_adapter -lesp_netif -lesp_event -lwpa_supplicant -lesp_wifi -lconsole -llwip -llog -lheap -lsoc -lesp_hw_support -lxtensa -lesp_common -lesp_timer -lfreertos -lnewlib -lcxx -lapp_trace -lnghttp -lesp-tls -ltcp_transport -lesp_http_client -lesp_http_server -lesp_https_ota -lsdmmc -lesp_serial_slave_link -lulp -lmbedtls_2 -lmbedcrypto -lmbedx509 -lcoexist -lcore -lespnow -lmesh -lnet80211 -lpp -lsmartconfig -lwapi -lesp_ringbuf -lefuse -lesp_ipc -ldriver -lesp_pm -lmbedtls -lapp_update -lbootloader_support -lspi_flash -lnvs_flash -lpthread -lesp_gdbstub -lespcoredump -lesp_phy -lesp_system -lesp_rom -lhal -lvfs -lesp_eth -ltcpip_adapter -lesp_netif -lesp_event -lwpa_supplicant -lesp_wifi -lconsole -llwip -llog -lheap -lsoc -lesp_hw_support -lxtensa -lesp_common -lesp_timer -lfreertos -lnewlib -lcxx -lapp_trace -lnghttp -lesp-tls -ltcp_transport -lesp_http_client -lesp_http_server -lesp_https_ota -lsdmmc -lesp_serial_slave_link -lulp -lmbedtls_2 -lmbedcrypto -lmbedx509 -lcoexist -lcore -lespnow -lmesh -lnet80211 -lpp -lsmartconfig -lwapi -lesp_ringbuf -lefuse -lesp_ipc -ldriver -lesp_pm -lmbedtls -lapp_update -lbootloader_support -lspi_flash -lnvs_flash -lpthread -lesp_gdbstub -lespcoredump -lesp_phy -lesp_system -lesp_rom -lhal -lvfs -lesp_eth -ltcpip_adapter -lesp_netif -lesp_event -lwpa_supplicant -lesp_wifi -lconsole -llwip -llog -lheap -lsoc -lesp_hw_support -lxtensa -lesp_common -lesp_timer -lfreertos -lnewlib -lcxx -lapp_trace -lnghttp -lesp-tls -ltcp_transport -lesp_http_client -lesp_http_server -lesp_https_ota -lsdmmc -lesp_serial_slave_link -lulp -lmbedtls_2 -lmbedcrypto -lmbedx509 -lcoexist -lcore -lespnow -lmesh -lnet80211 -lpp -lsmartconfig -lwapi -lesp_ringbuf -lefuse -lesp_ipc -ldriver -lesp_pm -lmbedtls -lapp_update -lbootloader_support -lspi_flash -lnvs_flash -lpthread -lesp_gdbstub -lespcoredump -lesp_phy -lesp_system -lesp_rom -lhal -lvfs -lesp_eth -ltcpip_adapter -lesp_netif -lesp_event -lwpa_supplicant -lesp_wifi -lconsole -llwip -llog -lheap -lsoc -lesp_hw_support -lxtensa -lesp_common -lesp_timer -lfreertos -lnewlib -lcxx -lapp_trace -lnghttp -lesp-tls -ltcp_transport -lesp_http_client -lesp_http_server -lesp_https_ota -lsdmmc -lesp_serial_slave_link -lulp -lmbedtls_2 -lmbedcrypto -lmbedx509 -lcoexist -lcore -lespnow -lmesh -lnet80211 -lpp -lsmartconfig -lwapi -lesp_ringbuf -lefuse -lesp_ipc -ldriver -lesp_pm -lmbedtls -lapp_update -lbootloader_support -lspi_flash -lnvs_flash -lpthread -lesp_gdbstub -lespcoredump -lesp_phy -lesp_system -lesp_rom -lhal -lvfs -lesp_eth -ltcpip_adapter -lesp_netif -lesp_event -lwpa_supplicant -lesp_wifi -lconsole -llwip -llog -lheap -lsoc -lesp_hw_support -lxtensa -lesp_common -lesp_timer -lfreertos -lnewlib -lcxx -lapp_trace -lnghttp -lesp-tls -ltcp_transport -lesp_http_client -lesp_http_server -lesp_https_ota -lsdmmc -lesp_serial_slave_link -lulp -lmbedtls_2 -lmbedcrypto -lmbedx509 -lcoexist -lcore -lespnow -lmesh -lnet80211 -lpp -lsmartconfig -lwapi -lesp_ringbuf -lefuse -lesp_ipc -ldriver -lesp_pm -lmbedtls -lapp_update -lbootloader_support -lspi_flash -lnvs_flash -lpthread -lesp_gdbstub -lespcoredump -lesp_phy -lesp_system -lesp_rom -lhal -lvfs -lesp_eth -ltcpip_adapter -lesp_netif -lesp_event -lwpa_supplicant -lesp_wifi -lconsole -llwip -llog -lheap -lsoc -lesp_hw_support -lxtensa -lesp_common -lesp_timer -lfreertos -lnewlib -lcxx -lapp_trace -lnghttp -lesp-tls -ltcp_transport -lesp_http_client -lesp_http_server -lesp_https_ota -lsdmmc -lesp_serial_slave_link -lulp -lmbedtls_2 -lmbedcrypto -lmbedx509 -lcoexist -lcore -lespnow -lmesh -lnet80211 -lpp -lsmartconfig -lwapi -lphy -lbtbb -lesp_phy -lphy -lbtbb -lesp_phy -lphy -lbtbb -lxt_hal -lc -lm -lnewlib -lstdc++ -lpthread -lgcc -lcxx -Wl,--end-group
xtensa-esp32s3-elf-g++ @C:\Users\jlors\Desktop\Pip-Boy-ADV\.pio\build\cardputer-adv\tmp9k2287bk.tmp
pio : c:/users/jlors/.platformio/packages/toolchain-xten
sa-esp32s3/bin/../lib/gcc/xtensa-esp32s3-elf/8.4.0/../..
/../../xtensa-esp32s3-elf/bin/ld.exe: .pio/build/cardput
er-adv/src/main.cpp.o:C:\Users\jlors\Desktop\Pip-Boy-ADV
/src/main.cpp:57: multiple definition of `WIFI_SSID'; .p
io/build/cardputer-adv/src/ConfigHelper.cpp.o:C:\Users\j
lors\Desktop\Pip-Boy-ADV/src/ConfigHelper.cpp:26: first 
defined here
At line:1 char:42
+ ...  'c:\Users\jlors\Desktop\Pip-Boy-ADV'; pio run 
--verbose 2>&1 | Tee-O ...
+                                            
~~~~~~~~~~~~~~~~~~~~~~
    + CategoryInfo          : NotSpecified: (c:/users/j 
   lors/...st defined here:String) [], RemoteException
    + FullyQualifiedErrorId : NativeCommandError
 
c:/users/jlors/.platformio/packages/toolchain-xtensa-esp
32s3/bin/../lib/gcc/xtensa-esp32s3-elf/8.4.0/../../../..
/xtensa-esp32s3-elf/bin/ld.exe: .pio/build/cardputer-adv
/src/main.cpp.o:C:\Users\jlors\Desktop\Pip-Boy-ADV/src/m
ain.cpp:58: multiple definition of `WIFI_PASSWORD'; .pio
/build/cardputer-adv/src/ConfigHelper.cpp.o:C:\Users\jlo
rs\Desktop\Pip-Boy-ADV/src/ConfigHelper.cpp:27: first 
defined here
c:/users/jlors/.platformio/packages/toolchain-xtensa-esp
32s3/bin/../lib/gcc/xtensa-esp32s3-elf/8.4.0/../../../..
/xtensa-esp32s3-elf/bin/ld.exe: .pio/build/cardputer-adv
/src/main.cpp.o:C:\Users\jlors\Desktop\Pip-Boy-ADV/src/m
ain.cpp:59: multiple definition of `TIME_ZONE'; .pio/bui
ld/cardputer-adv/src/ConfigHelper.cpp.o:C:\Users\jlors\D
esktop\Pip-Boy-ADV/src/ConfigHelper.cpp:28: first 
defined here
c:/users/jlors/.platformio/packages/toolchain-xtensa-esp
32s3/bin/../lib/gcc/xtensa-esp32s3-elf/8.4.0/../../../..
/xtensa-esp32s3-elf/bin/ld.exe: .pio/build/cardputer-adv
/src/main.cpp.o:C:\Users\jlors\Desktop\Pip-Boy-ADV/src/m
ain.cpp:61: multiple definition of `LOCATION'; .pio/buil
d/cardputer-adv/src/ConfigHelper.cpp.o:C:\Users\jlors\De
sktop\Pip-Boy-ADV/src/ConfigHelper.cpp:30: first 
defined here
c:/users/jlors/.platformio/packages/toolchain-xtensa-esp
32s3/bin/../lib/gcc/xtensa-esp32s3-elf/8.4.0/../../../..
/xtensa-esp32s3-elf/bin/ld.exe: .pio/build/cardputer-adv
/src/main.cpp.o:C:\Users\jlors\Desktop\Pip-Boy-ADV/src/m
ain.cpp:60: multiple definition of `API_KEY'; .pio/build
/cardputer-adv/src/ConfigHelper.cpp.o:C:\Users\jlors\Des
ktop\Pip-Boy-ADV/src/ConfigHelper.cpp:29: first defined 
here
c:/users/jlors/.platformio/packages/toolchain-xtensa-esp
32s3/bin/../lib/gcc/xtensa-esp32s3-elf/8.4.0/../../../..
/xtensa-esp32s3-elf/bin/ld.exe: .pio/build/cardputer-adv
/src/ui_tabs.cpp.o:C:\Users\jlors\Desktop\Pip-Boy-ADV/sr
c/ui_tabs.cpp:26: multiple definition of 
`ui_animation_container'; .pio/build/cardputer-adv/src/u
i_main.cpp.o:C:\Users\jlors\Desktop\Pip-Boy-ADV/src/ui_m
ain.cpp:22: first defined here
c:/users/jlors/.platformio/packages/toolchain-xtensa-esp
32s3/bin/../lib/gcc/xtensa-esp32s3-elf/8.4.0/../../../..
/xtensa-esp32s3-elf/bin/ld.exe: .pio/build/cardputer-adv
/src/ui_tabs.cpp.o:C:\Users\jlors\Desktop\Pip-Boy-ADV/sr
c/ui_tabs.cpp:24: multiple definition of 
`ui_tab_radio'; .pio/build/cardputer-adv/src/ui_main.cpp
.o:C:\Users\jlors\Desktop\Pip-Boy-ADV/src/ui_main.cpp:10
: first defined here
c:/users/jlors/.platformio/packages/toolchain-xtensa-esp
32s3/bin/../lib/gcc/xtensa-esp32s3-elf/8.4.0/../../../..
/xtensa-esp32s3-elf/bin/ld.exe: .pio/build/cardputer-adv
/src/ui_tabs.cpp.o:C:\Users\jlors\Desktop\Pip-Boy-ADV/sr
c/ui_tabs.cpp:29: multiple definition of 
`ui_tab_stats'; .pio/build/cardputer-adv/src/ui_main.cpp
.o:C:\Users\jlors\Desktop\Pip-Boy-ADV/src/ui_main.cpp:9:
 first defined here
c:/users/jlors/.platformio/packages/toolchain-xtensa-esp
32s3/bin/../lib/gcc/xtensa-esp32s3-elf/8.4.0/../../../..
/xtensa-esp32s3-elf/bin/ld.exe: .pio/build/cardputer-adv
/src/ui_tabs.cpp.o:C:\Users\jlors\Desktop\Pip-Boy-ADV/sr
c/ui_tabs.cpp:30: multiple definition of 
`ui_tab_inventory'; .pio/build/cardputer-adv/src/ui_main
.cpp.o:C:\Users\jlors\Desktop\Pip-Boy-ADV/src/ui_main.cp
p:11: first defined here
c:/users/jlors/.platformio/packages/toolchain-xtensa-esp
32s3/bin/../lib/gcc/xtensa-esp32s3-elf/8.4.0/../../../..
/xtensa-esp32s3-elf/bin/ld.exe: .pio/build/cardputer-adv
/src/ui_tabs.cpp.o:C:\Users\jlors\Desktop\Pip-Boy-ADV/sr
c/ui_tabs.cpp:31: multiple definition of 
`ui_tab_settings'; .pio/build/cardputer-adv/src/ui_main.
cpp.o:C:\Users\jlors\Desktop\Pip-Boy-ADV/src/ui_main.cpp
:12: first defined here
collect2.exe: error: ld returned 1 exit status
*** [.pio\build\cardputer-adv\firmware.elf] Error 1
========================= [FAILED] Took 12.89 seconds 
=========================
